# ----------------------------------------
# Jasper Version Info
# tool      : Jasper 2025.06
# platform  : Linux 3.10.0-1160.119.1.el7.x86_64
# version   : 2025.06p002 64 bits
# build date: 2025.08.26 14:59:20 UTC
# ----------------------------------------
# started   : 2026-04-24 00:00:53 PKT
# hostname  : pc3.(none)
# pid       : 32664
# arguments : '-style' 'windows' '-label' 'session_0' '-console' '//127.0.0.1:46338' '-data' 'AAAAfHicY2RgYLCp////PwMYMD6A0Aw2jAyoAMRnQhUJbEChGRhYUZVLMSQyZDAkMcQzFDOkMpQwlDIUMOgB6WSGHLAaAPCaC8s=' '-bridge_url' '10.103.76.67:44087' '-proj' '/home/Abdullah.Rafique/Documents/Formal_Verification/AHB-Lite-project/rtl/EE5214_AHB_Lite_25260002_25260006/rtl/jgproject/sessionLogs/session_0' '-init' '-hidden' '/home/Abdullah.Rafique/Documents/Formal_Verification/AHB-Lite-project/rtl/EE5214_AHB_Lite_25260002_25260006/rtl/jgproject/.tmp/.initCmds.tcl' 'ahb_setup.tcl'

Any disclosure about the Cadence Design Systems software or its use
model to any third party violates the written Non-Disclosure Agreement
between Cadence Design Systems, Inc. and the customer.

THIS SOFTWARE CONTAINS CONFIDENTIAL INFORMATION AND TRADE SECRETS OF
CADENCE DESIGN SYSTEMS, INC. USE, DISCLOSURE, OR REPRODUCTION IS
PROHIBITED WITHOUT THE PRIOR EXPRESS WRITTEN PERMISSION OF CADENCE
DESIGN SYSTEMS, INC.

Copyright (C) 2000-2025 Cadence Design Systems, Inc. All Rights
Reserved.  Unpublished -- rights reserved under the copyright laws of
the United States.

This product includes software developed by others and redistributed
according to license agreement. See doc/third_party_readme.txt for
further details.

RESTRICTED RIGHTS LEGEND

Use, duplication, or disclosure by the Government is subject to
restrictions as set forth in subparagraph (c) (1) (ii) of the Rights in
Technical Data and Computer Software clause at DFARS 252.227-7013 or
subparagraphs (c) (1) and (2) of Commercial Computer Software -- Restricted
Rights at 48 CFR 52.227-19, as applicable.


                          Cadence Design Systems, Inc.
                          2655 Seely Avenue
                          San Jose, CA 95134
                          Phone: 408.943.1234

For technical assistance visit http://support.cadence.com.

Jasper Apps Analysis Session - /home/Abdullah.Rafique/Documents/Formal_Verification/AHB-Lite-project/rtl/EE5214_AHB_Lite_25260002_25260006/rtl/jgproject/sessionLogs/session_0

WARNING (WG017): [session]: The system's locale is "ANSI_X3.4-1968", which is not UTF-8. Non-ASCII characters might not be handled correctly.
WARNING (WG017): [jg_console]: The system's locale is "ANSI_X3.4-1968", which is not UTF-8. Non-ASCII characters might not be handled correctly.
INFO: successfully checked out licenses "jasper_pint" and "jasper_papp".
INFO: reading configuration file "/home/Abdullah.Rafique/.config/cadence/jasper.conf".
% # Clear previous session data
% clear -all
INFO (IPF121): Cleared environment completely for new design analysis.
% 
% # Analyze the design and verification files
% analyze -sv ahb3lite_pkg.sv design.sv mem.sv ahb_checker.sv bind_ahb.sv
[-- (VERI-1482)] Analyzing Verilog file '/mnt/cadence_tools/installs/JASPER25/lib/verilog/packages/std/std.sv' into library 'std'
[-- (VERI-1482)] Analyzing Verilog file 'ahb3lite_pkg.sv'
[-- (VERI-1482)] Analyzing Verilog file 'design.sv'
[-- (VERI-1482)] Analyzing Verilog file 'mem.sv'
[-- (VERI-1482)] Analyzing Verilog file 'ahb_checker.sv'
[WARN (VERI-2053)] ahb_checker.sv(22): implication operator can be used only in constraint expression in SystemVerilog 1800-2005 dialect
[-- (VERI-1482)] Analyzing Verilog file 'bind_ahb.sv'
% 
% # Elaborate the design
% # 'ahb3liten' is the top-level module found in design.txt
% # JasperGold will automatically pick up the bind statement in bind_ahb.sv
% elaborate -top ahb3liten
INFO (ISW003): Top module name is "ahb3liten".
[INFO (HIER-8002)] design.sv(297): Disabling old hierarchical reference handler
[INFO (VERI-1018)] mem.sv(1): compiling module 'mem:(ABITS=8)'
[INFO (VERI-2571)] mem.sv(25): extracting RAM for identifier 'mem_array'
[WARN (VERI-9033)] mem.sv(25): array mem_array (size 8192) automatically BLACK-BOXED. Use the "elaborate -bbox_a" command to prevent automatic black-boxing.
[INFO (VERI-1018)] ahb_checker.sv(1): compiling module 'ahb_checker'
[INFO (VERI-1018)] design.sv(1): compiling module 'ahb3liten'
[WARN (VERI-1209)] design.sv(113): expression size 16 truncated to fit in target size 7
[WARN (VERI-1959)] design.sv(155): left shift count >= width of value
[WARN (VERI-1959)] design.sv(156): left shift count >= width of value
[WARN (VERI-1959)] design.sv(157): left shift count >= width of value
[WARN (VERI-1209)] design.sv(126): expression size 32 truncated to fit in target size 16
[WARN (VERI-1209)] design.sv(127): expression size 32 truncated to fit in target size 16
[WARN (VERI-1209)] design.sv(128): expression size 32 truncated to fit in target size 16
[WARN (VERI-1209)] design.sv(129): expression size 32 truncated to fit in target size 16
[WARN (VERI-1209)] design.sv(130): expression size 32 truncated to fit in target size 16
[WARN (VERI-1209)] design.sv(131): expression size 32 truncated to fit in target size 16
[WARN (VERI-1209)] design.sv(132): expression size 32 truncated to fit in target size 16
[WARN (VERI-1209)] design.sv(133): expression size 32 truncated to fit in target size 16
INFO (INL208): Elaboration synthesis summary:
  Number of synthesized netlists          4 (1 packages)
  Single run mode                         On
  Pipeline                                On (3 pipelined netlists)
  Late hierarchical reference connection  On
  Number of analyzed Verilog modules      7 (4 synthesized)
  Number of analyzed VHDL entities        0 (0 synthesized)
  Advanced Incremental run mode           Off
WARNING (WOBS004): ahb_checker.sv(31): Non-sequence cover property can have non-LRM-compliant semantics. For LRM semantics, use the "elaborate" flag "-lrm_cover_property".
INFO (INL003): Clearing all state information (assumes, stopats, and so forth).
ahb3liten
[<embedded>] % 
[<embedded>] % # Setup Clock and Reset
[<embedded>] % # According to the spec (Section 2.1) and DUT (Section 135):
[<embedded>] % # HCLK is the bus clock
[<embedded>] % # HRESETn is active-LOW (Section 7.1.2)
[<embedded>] % clock HCLK
[<embedded>] % reset ~HRESETn
INFO (IPM031): Clearing proof results of all properties.
INFO (IRS006): Current reset condition is "HRESETn".
[<embedded>] % 
[<embedded>] % 
[<embedded>] % # Prove the properties
[<embedded>] % # This will attempt to prove all assertions in ahb_checker.sv
[<embedded>] % prove -all
Bcustom1: Custom engine code is hT3Nm7hPr1Vp3Di1Ra2USNIGL4JypRnLKLAdF6JAyuavO2JfGCiY9OZJhcAcOUnLx5xwNdhILGrAWX9s+z2WDkKwNR7tAfClBEjRFVQeq6DU54boFgEA
Mpcustom2: Custom engine code is hT3NZbhP9fmY2AbBQnsjfOxn6c+6e6yL+/e8fZFmaQrnlgEA
Ncustom3: Custom engine code is hT3Ng7hPPfiYQOTDZ3qhYOwGAM51eA+J/FjkM5shLioAsqhgLR4Ft+O1BuKG6ilQ83B9tLXSl+CwjiTMAQA
AMcustom4: Custom engine code is hT3Ng7hP/feYQOTDZ3qhYOwGAM51eA+J/FjkM5shLioAsqhgLR4Ft+O1BuKG6ilQ83B9tLXSmmqwm7g9AQA
INFO (IPF036): Starting proof on task: "<embedded>", 3 properties to prove with 0 already proven/unreachable
INFO (IRS029): Starting reset analysis: phase 1 of 4.
INFO (IRS030): Running reset analysis: phase 2 of 4.
INFO (IRS031): Running reset analysis: phase 3 of 4.
INFO (IRS020): Starting the reset analysis simulation with a limit of 100 iterations (phase 4 of 4).
INFO (ISIM006): Running simulation: {mode = single, probe = all}.
INFO (IRS024): Reset iterations 0 to 3 analyzed.
INFO (ISIM008): Simulation is processing trace data. Total number of nets in analysis 584.
INFO (IRS018): Reset analysis simulation executed for 2 iterations. Assigned values for 2 of 113 design flops, 0 of 0 design latches, 3 of 3 internal elements.
INFO (IRS039): Reset analysis complete.
INFO (IPF031): Settings used for proof thread 2:
    orchestration                      = on
    time_limit                         = 86400s
    per_property_time_limit            = 1s * 10 ^ scan
    engine_mode                        = auto
    proofgrid_per_engine_max_jobs      = 1
    max engine jobs                    = auto
    proofgrid_mode                     = local
    proofgrid_restarts                 = 10
AMcustom5: Custom engine code is hT3N1rhP11/52HrFRS21ROp2LOjVTgPvT8L8BGXHgLhaIuqtT4nARFjUqrBL+7pLmaTOzBepZW/Jm8SSrHDybSQtoNiO3y43wk+dEoWlsZizu97Fih6O6lPVG/LpWP5SsUPwlGagLNa1FKEFvwVXyX7//8prySbvSxIHXr5er+z4RAEA
Ncustom6: Custom engine code is hT3OXrhPByJp3TrFSTLhUmMH4KVtJgmTCnNDF46yMXOKY48m4LS5nE7yBzFjA7kDuwO/GhGUpEPiky3p3wmPn3dJZHxFMsafSoObRzSC+tn7sEY0WbTdZ/FV4hL3MYH/b1CIUvXSWR4wqEoVLsmMOD4xIPT4lI1LO6ZCO7PnnWQuLwetnvKlrXx6wCW/A+x+enqslg1YPobi4wEF/EvbzOvcTYdJvl2s4H2yZg2b2ofAVN5WvhWk1HoBAA
2: Using multistage preprocessing
ADcustom7: Custom engine code is hT3Nv7hPv1752HrFRa2kROx2f/ECJeZB2AZsLdlO8VwmIuqtT4nIDFXclhg+O+o+DMmQCekbheGk0kK28laA9gaOFDXsQp29J3X615HY1IPHJWd6FUFvCHjO+p1k652b5JJvZlShNpGlGSXAiQe/mEAj6tEBAA
2: Starting reduce
Tricustom8: Custom engine code is hT3Nu7hPt1752DvFRa0kNDiyIV97VyejwM9C/jCLJjdPvusZONHY42VYUy0Q1ZotnhcVtNc56tJ5wbxv6V2+XpdsaSlHck5vfnbYjdwj1OECy9U+7oSQ0SZE3g5ayD+Phuh4odCJTjeKa2k4elM9ldQfkAEA
Gcustom9: Custom engine code is hT3NibhPDfeYQADBZnYcglOvK9Pfd7EOeniIqP8jNsyIqInncipMGcUXqAadachREE9F2PwhBUZUNw5kHnd4JdXkamORRgEA
C2custom10: Custom engine code is hT3NirhPjfWYQADBZnYcglOvK9Pfd7EOeniIqP8jNsyIqInncgkrYMMXCYbdK0dUjZIF9d4cJ0rHoBDjwVLBKuG86XYVV00BAA
AGcustom11: Custom engine code is hT3NirhP/fmYQADBZnYcglOvK9Pfd7EOeniIqP8jNsyIqInnckcwYMMXCYbdK0dUjZIF9d4cJ0rHoBDjwVLBKuHEZnZByh0BAA
Bcustom12: Custom engine code is hT3NjrhPDfiYQADBZnYcglOvK9PfWxFtenjIyBqfrgr7if/jL/yPOuK1BAflEcW0DxNH2eDIoezN2gxlQFg81RZtiWXh7aiTAidvAQA
2: Finished reduce in 0s
Ncustom13: Custom engine code is hT3NR7hPByFp3TrFSTLhUmMH4KWtJglTyV/c51BHEeZWamnJv767nE6PCak26bd3gf3XGN3rIRheufhDieCJQVISo+gNYUKhiUedBKGtsP/a18svAnlMJZudHxDFwK5ufsyoxsIyiAeSY2oi3tEuoDHr5gw42DFKAG3PqO3CEsl8Azzdt3pl5nGA1Ifv2H02eYsFzWb/nfp8PMb3F0krE/EgBcm8TD9Div8BAA
2.0.PRE: Performing Proof Simplification...
Tricustom14: Custom engine code is hT3Nu7hP3fiYQADBZnYcglNHp9bfd7EOeniIqP/ji8sGLQu8yhsFO+wxJ+O+R0bU8g/IewXFomyos+viQnWc2xYNYmMqpo3i40O7DaZR7qfp4YqNx26KRvQ/qx0BAA
2.0.Hp: clocks: 1, declared: 1, looping: 0, posedge: 1, negedge: 0, noedge: 0, bothedge: 0
2.0.Hp: Proof Simplification Iteration 1	[0.00 s]
2.0.PRE: A trace with 1 cycles was found. [0.00 s]
INFO (IPF047): 2.0.PRE: The cover property "ahb3liten.checker_1.HADDR_alignment_assert:precondition1" was covered in 1 cycles in 0.00 s.
INFO (IPF047): 2.0.PRE: The cover property "ahb3liten.checker_1.HADDR_alignment_cover" was covered in 1 cycles in 0.00 s.
2.0.Hp: Proof Simplification Iteration 2	[0.01 s]
2.0.PRE: A proof was found: No trace exists. [0.00 s]
INFO (IPF057): 2.0.PRE: The property ":noDeadEnd" was proven in 0.00 s.
    Use check_assumptions -show -dead_end to show this property in the property table.
2.0.PRE: A proof was found: No trace exists. [0.00 s]
INFO (IPF057): 2.0.PRE: The property ":noConflict" was proven in 0.00 s.
    Use check_assumptions -show to show this property in the property table.
INFO (IPF047): 2.0.PRE: The cover property ":live" was covered in 1 cycles in 0.00 s.
    Use check_assumptions -show -live to show this property in the property table.
2.0.PRE: Proof Simplification completed in 0.01 s
2.0.Hp: Identified and disabled 1 duplicated target.
2: About to start ProofGrid in its own thread with a limit of 10000 pending notifications and a limit of 10 traces.
2: ============================= ProofGrid (v3) start =============================
2: ProofGrid usable level: 1
2: Initial ProofGrid level: 1
2: ProofGrid is starting event handling
2: Computed task hash in 0.00ss
2.0.Hp: pc3: Support for "CentOS Linux release 7.9.2009 (Core)" will be removed with the 2025.09 release.
2.0.Ht: pc3: Support for "CentOS Linux release 7.9.2009 (Core)" will be removed with the 2025.09 release.
2: ProofGrid usable level: 1
2.0.Hp: Proofgrid shell started at 32742@pc3(local) jg_32664_pc3_1
2: ProofGrid usable level: 1
2: ProofGrid usable level: 1
2: ProofGrid usable level: 1
2.0.Hp: clocks: 1, declared: 1, looping: 0, posedge: 1, negedge: 0, noedge: 0, bothedge: 0
2: ProofGrid usable level: 1
2.0.Hp: Trace Attempt  1	[0.00 s]
2.0.Hp: A trace with 1 cycles was found. [0.00 s]
INFO (IPF055): 2.0.Hp: A counterexample (cex) with 1 cycles was found for the property "ahb3liten.checker_1.HADDR_alignment_assert" in 0.00 s.
2.0.Hp: All properties determined. [0.00 s]
INFO (IPF144): 2: Initiating shutdown of proof [0.01 s]
2.0.Hp: Requesting engine job to terminate
2.0.Ht: Requesting engine job to terminate
2.0.Bm: Requesting engine job to terminate
2.0.Mpcustom2: Requesting engine job to terminate
2.0.Oh: Requesting engine job to terminate
2.0.L: Requesting engine job to terminate
2.0.N: Requesting engine job to terminate
2.0.B: Requesting engine job to terminate
2.0.AM: Requesting engine job to terminate
2.0.Hp: Outbound connection closed
2.0.Hp: Outbound connection closed
2.0.Hp: Outbound connection closed
2.0.Hp: Exited with Success (@ 0.01 s)
2: ProofGrid usable level: 0
2.0.Ht: Proofgrid shell started at 32762@pc3(local) jg_32664_pc3_1
2.0.Ht: Preventing job from starting because proof is shutting down.
2.0.Ht: Interrupted. [0.00 s]
2.0.Mpcustom2: pc3: Support for "CentOS Linux release 7.9.2009 (Core)" will be removed with the 2025.09 release.
2.0.N: pc3: Support for "CentOS Linux release 7.9.2009 (Core)" will be removed with the 2025.09 release.
2.0.Ht: Exited with Success (@ 0.03 s)
2.0.Bm: pc3: Support for "CentOS Linux release 7.9.2009 (Core)" will be removed with the 2025.09 release.
2.0.Oh: pc3: Support for "CentOS Linux release 7.9.2009 (Core)" will be removed with the 2025.09 release.
2.0.AM: pc3: Support for "CentOS Linux release 7.9.2009 (Core)" will be removed with the 2025.09 release.
2.0.B: pc3: Support for "CentOS Linux release 7.9.2009 (Core)" will be removed with the 2025.09 release.
2.0.Mpcustom2: Proofgrid shell started at 317@pc3(local) jg_32664_pc3_1
2.0.L: pc3: Support for "CentOS Linux release 7.9.2009 (Core)" will be removed with the 2025.09 release.
2.0.Mpcustom2: Preventing job from starting because proof is shutting down.
2.0.Mpcustom2: Interrupted. [0.00 s]
2.0.Mpcustom2: Exited with Success (@ 0.06 s)
2.0.N: Proofgrid shell started at 320@pc3(local) jg_32664_pc3_1
2.0.N: Preventing job from starting because proof is shutting down.
2.0.N: Interrupted. [0.00 s]
2.0.N: Exited with Success (@ 0.06 s)
2.0.AM: Proofgrid shell started at 337@pc3(local) jg_32664_pc3_1
2.0.AM: Preventing job from starting because proof is shutting down.
2.0.AM: Interrupted. [0.00 s]
2.0.Oh: Proofgrid shell started at 318@pc3(local) jg_32664_pc3_1
2.0.Oh: Preventing job from starting because proof is shutting down.
2.0.Oh: Interrupted. [0.00 s]
2.0.AM: Exited with Success (@ 0.06 s)
2.0.B: Proofgrid shell started at 321@pc3(local) jg_32664_pc3_1
2.0.Oh: Exited with Success (@ 0.08 s)
2.0.B: Preventing job from starting because proof is shutting down.
2.0.B: Interrupted. [0.00 s]
2.0.Bm: Proofgrid shell started at 315@pc3(local) jg_32664_pc3_1
2.0.Bm: Preventing job from starting because proof is shutting down.
2.0.Bm: Interrupted. [0.00 s]
2.0.B: Exited with Success (@ 0.08 s)
2.0.Bm: Exited with Success (@ 0.08 s)
2.0.L: Proofgrid shell started at 319@pc3(local) jg_32664_pc3_1
2.0.L: Preventing job from starting because proof is shutting down.
2.0.L: Interrupted. [0.00 s]
2.0.L: Exited with Success (@ 0.08 s)
2: --------------------------------------------------------------
ProofGrid Summary (utilization 5.34 %)
--------------------------------------------------------------
     engines started                               :     9
     engine jobs started                           :     9

    Time in state (seconds)
    --------------------------------------------
               Pending     Running        Dead
    --------------------------------------------
    min           0.00        0.00        0.00
    mean          0.01        0.00        0.00
    median        0.01        0.00        0.00
    max           0.04        0.01        0.00
    sum           0.10        0.01        0.00

    Data read    : 3.11 kiB
    Data written : 348.00 B

INFO (IPF180): 2: ProofGrid utilization: 5.34% slot-seconds: 0.01
2: ProofGrid usable level: 0
2: All pending notifications were processed.
INFO (IPF059): 2: Completed proof on task: "<embedded>"

==============================================================
SUMMARY
==============================================================
           Properties Considered              : 3
                 assertions                   : 1
                  - proven                    : 0 (0%)
                  - bounded_proven (user)     : 0 (0%)
                  - bounded_proven (auto)     : 0 (0%)
                  - marked_proven             : 0 (0%)
                  - cex                       : 1 (100%)
                  - ar_cex                    : 0 (0%)
                  - undetermined              : 0 (0%)
                  - unknown                   : 0 (0%)
                  - error                     : 0 (0%)
                 covers                       : 2
                  - unreachable               : 0 (0%)
                  - bounded_unreachable (user): 0 (0%)
                  - covered                   : 2 (100%)
                  - ar_covered                : 0 (0%)
                  - undetermined              : 0 (0%)
                  - unknown                   : 0 (0%)
                  - error                     : 0 (0%)
determined
